// Jest Snapshot v1, https://goo.gl/fbAQLP

exports[`<Header /> Should render a snapshot 1`] = `
<header
  className="header"
>
  <div
    className="container"
  >
    <h1
      className="logo"
    >
      name
    </h1>
    <p
      className="tagline"
    >
      tagline
    </p>
  </div>
</header>
`;
